// Jest Snapshot v1, https://goo.gl/fbAQLP

exports[`TodoPage TodoPage match expected snapshot 1`] = `
<div>
  <NewTodo
    className="container"
    createTask={[Function]}
  />
  <p>
    I  need to do 0 tasks.
  </p>
  <TodoList
    todos={
      Array [
        Object {
          "id": 1,
          "isDone": false,
          "text": "Do task1",
        },
        Object {
          "id": 2,
          "isDone": false,
          "text": "Do task2",
        },
        Object {
          "id": 3,
          "isDone": false,
          "text": "Do task3",
        },
      ]
    }
    toggle={[Function]}
  />
</div>
`;
